=== M1 STRUCTURE: block-level slot divergence between text pairs ===
pair                                           slot_diff    frac  cos_flat      mag       re
the alpha report                                       0   0.000    1.0000   0.2500   0.2500
the alpha report | the bravo report                 8143   0.994    0.0038   0.1226   0.0009
the alpha report | the alpha bravo repo               90   0.011    0.9868   0.2467   0.2467
the alpha report | orange triangle jump             8170   0.997    0.0002   0.0001   0.0001
alpha | bravo                                       8188   1.000   -0.0005   0.1245  -0.0001
hello world | world hello                             30   0.004    0.9958   0.2490   0.2490
the alpha report | the alpha report.                   0   0.000    1.0000   0.2500   0.2500

=== value alphabet ===
   nonzero count = 8192  (1 per block)
   unique |values| = [1.]
   slots used per block = [0, 1, 2, 3, 4, 5, 6, 7]

=== M2 RECOVERY: leave-template-out on REAL codec waves ===
   train (288, 65536)  test (192, 65536)  classes 96
   chance = 0.0104
   REAL waves   train acc = 0.1875   held-out-template acc = 0.0208
   CTRL-SLOT    held-out-template acc = 0.0000  (per-sample slot perm)
   CTRL-LABEL   held-out-template acc = 0.0260  (shuffled labels)

   real=0.0208  ctrl_slot=0.0000  ctrl_label=0.0260  chance=0.0104
   -> NO_RECOVERABLE_CONTENT_ABOVE_CHANCE
