corpus=typed  K=512 (32 tools x 16 args)  wave dim=65536
   REAL codec.encode_egress waves; SYNTHETIC labels. Not real prose.
   signed mean off-diag cos = +0.20269
   abs    mean off-diag cos = +0.20269   (D31 test at this K)
   any NEGATIVE off-diagonal cosines: False
   measured single-look LOO accuracy     = 0.8043
   ladder over single-look accuracy      = [0.55, 0.45]
   trials/rung=300  probes=24  MC=32  criterion=0.95  max_steps=12

   --- rung single-look acc = 0.55  sigma = 0.00001 ---
      greedy  median=  2.0 mean= 3.54 acc@1=0.5700 acc@2=0.9267 acc_final=0.9267
      info    median=  2.0 mean= 3.32 acc@1=0.5133 acc@2=0.9167 acc_final=0.9167
      rand    median=  2.0 mean= 3.69 acc@1=0.5267 acc@2=0.8733 acc_final=0.8733
      G-AI-1 info median<=0.75*greedy : FAIL  (info 2.0 vs greedy 2.0)
      G-AI-2 random median>greedy     : FAIL  (rand 2.0 vs greedy 2.0)
      G-AI-3 CALIBRATION |rand.acc@1-tgt|: PASS  (rand 0.5267 vs 0.55)
      G-AI-4 info mean<rand mean      : PASS  (info 3.32 vs rand 3.69)

   --- rung single-look acc = 0.45  sigma = 0.00002 ---
      greedy  median=  2.0 mean= 4.19 acc@1=0.4767 acc@2=0.8700 acc_final=0.8700
      info    median=  2.0 mean= 3.85 acc@1=0.4500 acc@2=0.8833 acc_final=0.8833
      rand    median=  2.0 mean= 3.88 acc@1=0.4567 acc@2=0.9100 acc_final=0.9133
      G-AI-1 info median<=0.75*greedy : FAIL  (info 2.0 vs greedy 2.0)
      G-AI-2 random median>greedy     : FAIL  (rand 2.0 vs greedy 2.0)
      G-AI-3 CALIBRATION |rand.acc@1-tgt|: PASS  (rand 0.4567 vs 0.45)
      G-AI-4 info mean<rand mean      : PASS  (info 3.85 vs rand 3.88)

   === VERDICT (pre-registered) ===
   rungs where the control COULD NOT lose (G-AI-2 false): [0.55, 0.45]
   rungs where the control COULD lose (G-AI-2 true): NONE
   rungs with policy separation (G-AI-1+G-AI-2): NONE
   VERDICT = INSTRUMENT_CANNOT_RESOLVE_EFE (no rung where the control can lose; the metric cannot discriminate)
   elapsed 816.0s
RC=0
